// Jest Snapshot v1, https://goo.gl/fbAQLP

exports[`RandomUserDataSource should return person object 1`] = `
Object {
  "foo": "bar",
}
`;
